LISTING FOR LOGIC DESCRIPTION FILE: MISC.pld                         Page 1

CUPL(WM): Universal Compiler for Programmable Logic
Version 5.0a Serial# 60008009
Copyright (c) 1983, 1998 Logical Devices, Inc.
Created Sun Apr 11 08:44:53 2021

  1:Name     misc;
  2:PartNo   00 ;
  3:Date     2021-03-29 ;
  4:Revision 01 ;
  5:Designer Engineer ;
  6:Company  Tom Keddie ;
  7:Assembly None ;
  8:Location  ;
  9:Device   g22v10lcc;
 10:
 11:PIN 2  = CLK_IN;
 12:/* PIN 3  = NMI_N; */
 13:/* PIN 4  = A14; */
 14:/* PIN 5  = A13; */
 15:/* PIN 6  = A12; */
 16:PIN 7  = RESET;
 17:
 18:PIN 10 = DIV2;
 19:PIN 11 = DIV1;
 20:PIN 12 = DIV0;
 21:/* PIN 13 = MEMRQ_N; */
 22:
 23:/* PIN 16 = IORQ_N; */
 24:
 25:/* PIN 17 = LCD_E; */
 26:PIN 18 = CLK_OUT;
 27:/* PIN 19 = MATRIXCOL_R_CS_N; */
 28:/* PIN 20 = MATRIXCOL_G_CS_N; */
 29:/* PIN 21 = MATRIXROW_CS_N; */
 30:
 31:PIN 23 = COUNT0;
 32:PIN 24 = COUNT1;
 33:PIN 25 = COUNT2;
 34:PIN 26 = COUNT3;
 35:PIN 27 = COUNT4;
 36:
 37:FIELD div = [DIV2..DIV0];
 38:FIELD count   = [COUNT4..COUNT0];
 39:
 40:COUNT0.ar = RESET;
 41:COUNT1.ar = RESET;
 42:COUNT2.ar = RESET;
 43:COUNT3.ar = RESET;
 44:COUNT4.ar = RESET;
 45:
 46:$define S00 'b'00000 
 47:$define S01 'b'00001
 48:$define S02 'b'00010
 49:$define S03 'b'00011
 50:$define S04 'b'00100
 51:$define S05 'b'00101
 52:$define S06 'b'00110
 53:$define S07 'b'00111

LISTING FOR LOGIC DESCRIPTION FILE: MISC.pld                         Page 2

CUPL(WM): Universal Compiler for Programmable Logic
Version 5.0a Serial# 60008009
Copyright (c) 1983, 1998 Logical Devices, Inc.
Created Sun Apr 11 08:44:53 2021

 54:$define S08 'b'01000
 55:$define S09 'b'01001
 56:$define S0A 'b'01010
 57:$define S0B 'b'01011
 58:$define S0C 'b'01100
 59:$define S0D 'b'01101
 60:$define S0E 'b'01110
 61:$define S0F 'b'01111
 62:$define S10 'b'10000 
 63:$define S11 'b'10001
 64:$define S12 'b'10010
 65:$define S13 'b'10011
 66:$define S14 'b'10100
 67:$define S15 'b'10101
 68:$define S16 'b'10110
 69:$define S17 'b'10111
 70:$define S18 'b'11000
 71:$define S19 'b'11001
 72:$define S1A 'b'11010
 73:$define S1B 'b'11011
 74:$define S1C 'b'11100
 75:$define S1D 'b'11101
 76:$define S1E 'b'11110
 77:$define S1F 'b'11111
 78:
 79:Sequenced count {
 80:    present 'b'00000  
 81:          next 'b'00001;
 82:    present 'b'00001
 83:          next 'b'00010;
 84:    present 'b'00010
 85:          /* 24/3 = 8MHz */
 86:          if div:['d'0] next 'b'00000 ;
 87:          default next 'b'00011;
 88:    present 'b'00011
 89:          /* 24/4 = 6MHz */
 90:          if div:['d'0..1] next 'b'00000 ;
 91:          default next 'b'00100;
 92:    present 'b'00100
 93:          next 'b'00101;
 94:    present 'b'00101
 95:          /* 24/6 = 4MHz */
 96:          if div:['d'0..2] next 'b'00000 ;
 97:          default next 'b'00110;
 98:    present 'b'00110
 99:          next 'b'00111;
100:    present 'b'00111
101:          /* 24/8 = 3MHz */
102:          if div:['d'0..3] next 'b'00000 ;
103:          default next 'b'01000;
104:    present 'b'01000
105:          next 'b'01001;
106:    present 'b'01001
107:          /* 24/10 = 2.4MHz */

LISTING FOR LOGIC DESCRIPTION FILE: MISC.pld                         Page 3

CUPL(WM): Universal Compiler for Programmable Logic
Version 5.0a Serial# 60008009
Copyright (c) 1983, 1998 Logical Devices, Inc.
Created Sun Apr 11 08:44:53 2021

108:          if div:['d'0..4] next 'b'00000 ;
109:          default next 'b'01010;
110:    present 'b'01010
111:          next 'b'01011;
112:    present 'b'01011
113:          /* 24/12 = 2MHz */
114:          if div:['d'0..5] next 'b'00000 ;
115:          default next 'b'01100;
116:    present 'b'01100
117:          next 'b'01101;
118:    present 'b'01101
119:          next 'b'01110;
120:    present 'b'01110
121:          next 'b'01111;
122:    present 'b'01111
123:          next 'b'10000 ;
124:    present 'b'10000 
125:          next 'b'10001;
126:    present 'b'10001
127:          next 'b'10010;
128:    present 'b'10010
129:          next 'b'10011;
130:    present 'b'10011
131:          next 'b'10100;
132:    present 'b'10100
133:          next 'b'10101;
134:    present 'b'10101
135:          next 'b'10110;
136:    present 'b'10110
137:          next 'b'10111;
138:    present 'b'10111
139:          next 'b'11000;
140:    present 'b'11000
141:          next 'b'00000 ;
142:}
143:
144:count.sp = 'b'0;
145:



Jedec Fuse Checksum       (c5c9)
Jedec Transmit Checksum   (2448)
