LISTING FOR LOGIC DESCRIPTION FILE: KEYBD.pld                        Page 1

CUPL(WM): Universal Compiler for Programmable Logic
Version 5.0a Serial# 60008009
Copyright (c) 1983, 1998 Logical Devices, Inc.
Created Mon Apr 12 18:52:51 2021

  1:Name     keybd;
  2:PartNo   00 ;
  3:Date     2021-03-29 ;
  4:Revision 01 ;
  5:Designer Engineer ;
  6:Company  Tom Keddie ;
  7:Assembly None ;
  8:Location  ;
  9:Device   g22v10lcc ;
 10:
 11:PIN 2  = FTDI_WR_N;
 12:PIN 3  = C923_DA;
 13:PIN 4  = SHIFTKEY_N;
 14:PIN 5  = FTDI_D0;
 15:PIN 6  = FTDI_D1;
 16:PIN 7  = FTDI_D2;
 17:
 18:PIN 9  = FTDI_D3;
 19:PIN 10 = FTDI_D4;
 20:PIN 11 = FTDI_D5;
 21:PIN 12 = FTDI_D6;
 22:PIN 13 = FTDI_D7;
 23:
 24:/* PIN 15 = SHIFTKEY_N; */
 25:PIN 16 = KEYBD_CS;
 26:/* 17 */
 27:PIN 18 = C923_OE_N;
 28:PIN 19 = NMI_N;
 29:PIN 20 = D0;
 30:PIN 21 = D1;
 31:
 32:PIN 23 = D2;
 33:PIN 24 = D3;
 34:PIN 25 = D4;
 35:PIN 26 = D5;
 36:/* 27 */
 37:
 38:FIELD ftdidata = [FTDI_D4..FTDI_D0];
 39:FIELD cpudata = [D4..D0];
 40:
 41:cpudata.AR = 'b'0;
 42:cpudata.SP = 'b'0;
 43:cpudata.D  = ftdidata;
 44:
 45:/* read from internal reg when D6 is low */
 46:cpudata.OE = KEYBD_CS & !FTDI_D6;
 47:/* read from 74C923 when D6 is high (default) */
 48:C923_OE_N  = KEYBD_CS & FTDI_D6;
 49:
 50:D5.AR = 'b'0;
 51:D5.SP = 'b'0;
 52:D5.D  = !FTDI_D5 & SHIFTKEY_N;
 53:D5.OE = KEYBD_CS;

LISTING FOR LOGIC DESCRIPTION FILE: KEYBD.pld                        Page 2

CUPL(WM): Universal Compiler for Programmable Logic
Version 5.0a Serial# 60008009
Copyright (c) 1983, 1998 Logical Devices, Inc.
Created Mon Apr 12 18:52:51 2021

 54:
 55:
 56:
 57:



Jedec Fuse Checksum       (5706)
Jedec Transmit Checksum   (3b4d)
